PHP Warning:  Module "curl" is already loaded in Unknown on line 0
PHP Warning:  Module "zip" is already loaded in Unknown on line 0
